export const snapshot = {};

snapshot[`build a simple site 1`] = `
{
  formats: [
    {
      engines: 1,
      ext: ".page.ts",
      loader: [AsyncFunction: module],
    },
    {
      engines: 1,
      ext: ".page.js",
      loader: [AsyncFunction: module],
    },
    {
      engines: undefined,
      ext: ".page.jsonc",
      loader: [AsyncFunction: json],
    },
    {
      engines: undefined,
      ext: ".page.json",
      loader: [AsyncFunction: json],
    },
    {
      dataLoader: [AsyncFunction: json],
      engines: undefined,
      ext: ".json",
    },
    {
      dataLoader: [AsyncFunction: json],
      engines: undefined,
      ext: ".jsonc",
    },
    {
      engines: 1,
      ext: ".md",
      loader: [AsyncFunction: text],
    },
    {
      engines: 1,
      ext: ".markdown",
      loader: [AsyncFunction: text],
    },
    {
      dataLoader: [AsyncFunction: module],
      engines: 1,
      ext: ".js",
      loader: [AsyncFunction: module],
    },
    {
      dataLoader: [AsyncFunction: module],
      engines: 1,
      ext: ".ts",
      loader: [AsyncFunction: module],
    },
    {
      engines: 1,
      ext: ".njk",
      loader: [AsyncFunction: text],
    },
    {
      dataLoader: [AsyncFunction: toml],
      engines: undefined,
      ext: ".toml",
      loader: [AsyncFunction: toml],
    },
    {
      dataLoader: [AsyncFunction: yaml],
      engines: undefined,
      ext: ".yaml",
      loader: [AsyncFunction: yaml],
    },
    {
      dataLoader: [AsyncFunction: yaml],
      engines: undefined,
      ext: ".yml",
      loader: [AsyncFunction: yaml],
    },
  ],
  src: [
    "/",
    "/.page1.md",
    "/_page1.md",
    "/foo.md",
    "/page1.md",
  ],
}
`;

snapshot[`build a simple site 2`] = `[]`;

snapshot[`build a simple site 3`] = `
[
  {
    content: "<!DOCTYPE html>
Content of Page 1",
    data: {
      children: "Content of Page 1",
      content: "Content of {{ title }}",
      date: [],
      mergedKeys: [
        "tags",
      ],
      page: [
        "src",
        "data",
      ],
      paginate: "paginate",
      search: [],
      tags: "Array(0)",
      templateEngine: "njk",
      title: "Page 1",
      url: "/dynamic.html",
    },
    src: {
      asset: true,
      ext: undefined,
      path: "",
      remote: undefined,
      slug: "",
    },
  },
  {
    content: "<!DOCTYPE html>
<h1>Welcome</h1>
",
    data: {
      children: "<h1>Welcome</h1>
",
      content: "# Welcome
",
      date: [],
      mergedKeys: [
        "tags",
      ],
      page: [
        "src",
        "data",
      ],
      paginate: "paginate",
      search: [],
      tags: "Array(0)",
      title: "Second page",
      url: "/page2.html",
    },
    src: {
      asset: undefined,
      ext: ".md",
      path: "/foo",
      remote: undefined,
      slug: "foo",
    },
  },
  {
    content: "<!DOCTYPE html>
<h1>Welcome</h1>
",
    data: {
      children: "<h1>Welcome</h1>
",
      content: "# Welcome
",
      date: [],
      mergedKeys: [
        "tags",
      ],
      page: [
        "src",
        "data",
      ],
      paginate: "paginate",
      search: [],
      tags: "Array(0)",
      title: "First page",
      url: "/page1/",
    },
    src: {
      asset: undefined,
      ext: ".md",
      path: "/page1",
      remote: undefined,
      slug: "page1",
    },
  },
]
`;
