export const snapshot = {};

snapshot[`Decap CMS plugin 1`] = `
{
  formats: [
    {
      engines: 1,
      ext: ".tmpl.ts",
      pageLoader: [AsyncFunction: module],
    },
    {
      engines: 1,
      ext: ".tmpl.js",
      pageLoader: [AsyncFunction: module],
    },
    {
      engines: undefined,
      ext: ".tmpl.jsonc",
      pageLoader: [AsyncFunction: json],
    },
    {
      engines: undefined,
      ext: ".tmpl.json",
      pageLoader: [AsyncFunction: json],
    },
    {
      dataLoader: [AsyncFunction: json],
      engines: undefined,
      ext: ".json",
    },
    {
      dataLoader: [AsyncFunction: json],
      engines: undefined,
      ext: ".jsonc",
    },
    {
      engines: 1,
      ext: ".md",
      pageLoader: [AsyncFunction: text],
    },
    {
      engines: 1,
      ext: ".markdown",
      pageLoader: [AsyncFunction: text],
    },
    {
      componentLoader: [AsyncFunction: module],
      dataLoader: [AsyncFunction: module],
      engines: 1,
      ext: ".js",
    },
    {
      componentLoader: [AsyncFunction: module],
      dataLoader: [AsyncFunction: module],
      engines: 1,
      ext: ".ts",
    },
    {
      componentLoader: [AsyncFunction: text],
      engines: 1,
      ext: ".njk",
      includesPath: "_includes",
      pageLoader: [AsyncFunction: text],
    },
    {
      dataLoader: [AsyncFunction: toml],
      engines: undefined,
      ext: ".toml",
      pageLoader: [AsyncFunction: toml],
    },
    {
      dataLoader: [AsyncFunction: yaml],
      engines: undefined,
      ext: ".yaml",
      pageLoader: [AsyncFunction: yaml],
    },
    {
      dataLoader: [AsyncFunction: yaml],
      engines: undefined,
      ext: ".yml",
      pageLoader: [AsyncFunction: yaml],
    },
  ],
  src: [
    "/",
    "/_data",
    "/_data/decap_cms.yml",
  ],
}
`;

snapshot[`Decap CMS plugin 2`] = `[]`;

snapshot[`Decap CMS plugin 3`] = `
[
  {
    content: "backend:
  name: git-gateway
  branch: master
media_folder: img
public_folder: /img
site_url: 'https://example.com/'
local_backend: false
",
    data: {
      content: "backend:
  name: git-gateway
  branch: master
media_folder: img
public_folder: /img
site_url: 'https://example.com/'
local_backend: false
",
      page: [
        "src",
        "data",
      ],
      url: "/admin/config.yml",
    },
    src: {
      asset: true,
      ext: undefined,
      path: "",
      remote: undefined,
      slug: "config",
    },
  },
  {
    content: '
        <!DOCTYPE html>
        <html lang="en">
        <head>
          <meta charset="UTF-8">
          <meta name="viewport" content="width=device-width, initial-scale=1.0">
          <title>Admin</title>
        </head>
        <body>
        <link href="/admin/config.yml" type="text/yaml" rel="cms-config-url"><script src="https://unpkg.com/netlify-cms@^2.0.0/dist/netlify-cms.js"></script>
        </body>
        </html>
        ',
    data: {
      content: '
        <!DOCTYPE html>
        <html lang="en">
        <head>
          <meta charset="UTF-8">
          <meta name="viewport" content="width=device-width, initial-scale=1.0">
          <title>Admin</title>
        </head>
        <body>
        <link href="/admin/config.yml" type="text/yaml" rel="cms-config-url"><script src="https://unpkg.com/netlify-cms@^2.0.0/dist/netlify-cms.js"></script>
        </body>
        </html>
        ',
      page: [
        "src",
        "data",
      ],
      url: "/admin/",
    },
    src: {
      asset: true,
      ext: undefined,
      path: "",
      remote: undefined,
      slug: "index",
    },
  },
]
`;
