export const snapshot = {};

snapshot[`imagick plugin 1`] = `
{
  formats: [
    {
      engines: 1,
      ext: ".tmpl.ts",
      pageLoader: [AsyncFunction: module],
    },
    {
      engines: 1,
      ext: ".tmpl.js",
      pageLoader: [AsyncFunction: module],
    },
    {
      engines: undefined,
      ext: ".tmpl.jsonc",
      pageLoader: [AsyncFunction: json],
    },
    {
      engines: undefined,
      ext: ".tmpl.json",
      pageLoader: [AsyncFunction: json],
    },
    {
      dataLoader: [AsyncFunction: json],
      engines: undefined,
      ext: ".json",
    },
    {
      dataLoader: [AsyncFunction: json],
      engines: undefined,
      ext: ".jsonc",
    },
    {
      engines: 1,
      ext: ".md",
      pageLoader: [AsyncFunction: text],
    },
    {
      engines: 1,
      ext: ".markdown",
      pageLoader: [AsyncFunction: text],
    },
    {
      componentLoader: [AsyncFunction: module],
      dataLoader: [AsyncFunction: module],
      engines: 1,
      ext: ".js",
    },
    {
      componentLoader: [AsyncFunction: module],
      dataLoader: [AsyncFunction: module],
      engines: 1,
      ext: ".ts",
    },
    {
      componentLoader: [AsyncFunction: text],
      engines: 1,
      ext: ".njk",
      pageLoader: [AsyncFunction: text],
    },
    {
      dataLoader: [AsyncFunction: toml],
      engines: undefined,
      ext: ".toml",
      pageLoader: [AsyncFunction: toml],
    },
    {
      dataLoader: [AsyncFunction: yaml],
      engines: undefined,
      ext: ".yaml",
      pageLoader: [AsyncFunction: yaml],
    },
    {
      dataLoader: [AsyncFunction: yaml],
      engines: undefined,
      ext: ".yml",
      pageLoader: [AsyncFunction: yaml],
    },
    {
      asset: true,
      engines: undefined,
      ext: ".jpg",
      pageLoader: [AsyncFunction: binary],
    },
    {
      asset: true,
      engines: undefined,
      ext: ".jpeg",
      pageLoader: [AsyncFunction: binary],
    },
    {
      asset: true,
      engines: undefined,
      ext: ".png",
      pageLoader: [AsyncFunction: binary],
    },
  ],
  src: [
    "/",
    "/_data.yml",
    "/lume.png",
  ],
}
`;

snapshot[`imagick plugin 2`] = `[]`;

snapshot[`imagick plugin 3`] = `
[
  {
    content: "Uint8Array(935)",
    data: {
      content: "Uint8Array(29014)",
      date: [],
      imagick: "undefined",
      mergedKeys: [
        "tags",
      ],
      page: [
        "src",
        "data",
      ],
      paginate: "paginate",
      search: [],
      tags: "Array(0)",
      url: "/lume-small.png",
    },
    src: {
      asset: true,
      ext: ".png",
      path: "/lume[0]",
      remote: undefined,
      slug: "lume",
    },
  },
  {
    content: "Uint8Array(935)",
    data: {
      content: "Uint8Array(29014)",
      date: [],
      imagick: "undefined",
      mergedKeys: [
        "tags",
      ],
      page: [
        "src",
        "data",
      ],
      paginate: "paginate",
      search: [],
      tags: "Array(0)",
      url: "/lume-big.png",
    },
    src: {
      asset: true,
      ext: ".png",
      path: "/lume[1]",
      remote: undefined,
      slug: "lume",
    },
  },
  {
    content: "Uint8Array(1231)",
    data: {
      content: "Uint8Array(29014)",
      date: [],
      imagick: "undefined",
      mergedKeys: [
        "tags",
      ],
      page: [
        "src",
        "data",
      ],
      paginate: "paginate",
      search: [],
      tags: "Array(0)",
      url: "/lume.jpg",
    },
    src: {
      asset: true,
      ext: ".png",
      path: "/lume[2]",
      remote: undefined,
      slug: "lume",
    },
  },
  {
    content: "Uint8Array(8648)",
    data: {
      content: "Uint8Array(29014)",
      date: [],
      imagick: "undefined",
      mergedKeys: [
        "tags",
      ],
      page: [
        "src",
        "data",
      ],
      paginate: "paginate",
      search: [],
      tags: "Array(0)",
      url: "/lume.webp",
    },
    src: {
      asset: true,
      ext: ".png",
      path: "/lume[3]",
      remote: undefined,
      slug: "lume",
    },
  },
  {
    content: "Uint8Array(14410)",
    data: {
      content: "Uint8Array(29014)",
      date: [],
      imagick: "undefined",
      mergedKeys: [
        "tags",
      ],
      page: [
        "src",
        "data",
      ],
      paginate: "paginate",
      search: [],
      tags: "Array(0)",
      url: "/lume.png",
    },
    src: {
      asset: true,
      ext: ".png",
      path: "/lume[4]",
      remote: undefined,
      slug: "lume",
    },
  },
]
`;
