export const snapshot = {};

snapshot[`build a site with liquid 1`] = `
{
  formats: [
    {
      engines: 1,
      ext: ".page.ts",
      loader: [AsyncFunction: module],
    },
    {
      engines: 1,
      ext: ".page.js",
      loader: [AsyncFunction: module],
    },
    {
      engines: undefined,
      ext: ".page.jsonc",
      loader: [AsyncFunction: json],
    },
    {
      engines: undefined,
      ext: ".page.json",
      loader: [AsyncFunction: json],
    },
    {
      dataLoader: [AsyncFunction: json],
      engines: undefined,
      ext: ".json",
    },
    {
      dataLoader: [AsyncFunction: json],
      engines: undefined,
      ext: ".jsonc",
    },
    {
      engines: 1,
      ext: ".md",
      loader: [AsyncFunction: text],
    },
    {
      engines: 1,
      ext: ".markdown",
      loader: [AsyncFunction: text],
    },
    {
      dataLoader: [AsyncFunction: module],
      engines: 1,
      ext: ".js",
      loader: [AsyncFunction: module],
    },
    {
      dataLoader: [AsyncFunction: module],
      engines: 1,
      ext: ".ts",
      loader: [AsyncFunction: module],
    },
    {
      engines: 1,
      ext: ".njk",
      loader: [AsyncFunction: text],
    },
    {
      dataLoader: [AsyncFunction: toml],
      engines: undefined,
      ext: ".toml",
      loader: [AsyncFunction: toml],
    },
    {
      dataLoader: [AsyncFunction: yaml],
      engines: undefined,
      ext: ".yaml",
      loader: [AsyncFunction: yaml],
    },
    {
      dataLoader: [AsyncFunction: yaml],
      engines: undefined,
      ext: ".yml",
      loader: [AsyncFunction: yaml],
    },
    {
      engines: 1,
      ext: ".liquid",
      loader: [AsyncFunction: text],
    },
  ],
  src: [
    "/",
    "/_data.yml",
    "/_includes",
    "/_includes/basic.liquid",
    "/_includes/partial.liquid",
    "/data.liquid",
    "/empty.liquid",
    "/index.liquid",
    "/liquid-filter.page.js",
    "/with-helpers.liquid",
  ],
}
`;

snapshot[`build a site with liquid 2`] = `[]`;

snapshot[`build a site with liquid 3`] = `
[
  {
    content: '["red","green","blue"]
',
    data: {
      colors: "Array(3)",
      content: "{{ colors | json }}
",
      date: [],
      layout: null,
      mergedKeys: [
        "tags",
      ],
      page: [
        "src",
        "data",
      ],
      paginate: "paginate",
      search: [],
      tags: "Array(0)",
      url: "/data.json",
    },
    src: {
      asset: false,
      ext: ".liquid",
      path: "/data",
      remote: undefined,
      slug: "data",
    },
  },
  {
    content: '<!DOCTYPE html>

<html lang="en">
  <head>
    <meta charset="utf-8">
    <title>Hello World</title>
  </head>
  <body>
    <main><h1>Hello World</h1>
</main>
  </body>
</html>
',
    data: {
      children: "<h1>Hello World</h1>
",
      content: "<h1>{{ title }}</h1>
",
      date: [],
      layout: "basic.liquid",
      mergedKeys: [
        "tags",
      ],
      page: [
        "src",
        "data",
      ],
      paginate: "paginate",
      search: [],
      tags: "Array(0)",
      title: "Hello World",
      url: "/",
    },
    src: {
      asset: false,
      ext: ".liquid",
      path: "/index",
      remote: undefined,
      slug: "index",
    },
  },
  {
    content: '<!DOCTYPE html>

<html lang="en">
  <head>
    <meta charset="utf-8">
    <title>liquid filter example</title>
  </head>
  <body>
    <main><h1>LIQUID FILTER EXAMPLE</h1></main>
  </body>
</html>
',
    data: {
      children: "<h1>LIQUID FILTER EXAMPLE</h1>",
      content: "default",
      date: [],
      layout: "basic.liquid",
      mergedKeys: [
        "tags",
      ],
      page: [
        "src",
        "data",
      ],
      paginate: "paginate",
      search: [],
      tags: "Array(0)",
      title: "liquid filter example",
      url: "/liquid-filter/",
    },
    src: {
      asset: false,
      ext: ".page.js",
      path: "/liquid-filter",
      remote: undefined,
      slug: "liquid-filter",
    },
  },
  {
    content: '<!DOCTYPE html>

<html lang="en">
  <head>
    <meta charset="utf-8">
    <title>The title</title>
  </head>
  <body>
    <main><p><strong>THE TITLE</strong></p>
<p><strong>THE TITLE</strong></p>
<p><strong>THE TITLE</strong></p>
<p><strong>THE TITLE</strong></p>
<p><strong>THE TITLE</strong></p>
<p><strong>THE TITLE</strong></p>
<p><strong>THE TITLE</strong></p>
<p><strong>THE TITLE</strong></p>
<div>hello (async)</div>

<ul>
  <li>This is a partial</li>
  <li>async helper in a partial (async)</li>
</ul>
<ul>
  <li>This is a partial</li>
  <li>async helper in a partial (async)</li>
</ul>
</main>
  </body>
</html>
',
    data: {
      children: "<p><strong>THE TITLE</strong></p>
<p><strong>THE TITLE</strong></p>
<p><strong>THE TITLE</strong></p>
<p><strong>THE TITLE</strong></p>
<p><strong>THE TITLE</strong></p>
<p><strong>THE TITLE</strong></p>
<p><strong>THE TITLE</strong></p>
<p><strong>THE TITLE</strong></p>
<div>hello (async)</div>

<ul>
  <li>This is a partial</li>
  <li>async helper in a partial (async)</li>
</ul>
<ul>
  <li>This is a partial</li>
  <li>async helper in a partial (async)</li>
</ul>
",
      content: '<p>{% upperCase title %}</p>
<p>{% upperCase "The title" %}</p>
<p>{% upperCaseAsync title %}</p>
<p>{% upperCaseAsync "The title" %}</p>
<p>{% upperCaseBody %}The title{% endupperCaseBody %}</p>
<p>{% upperCaseBody %}{{ title }}{% endupperCaseBody %}</p>
<p>{% upperCaseBodyAsync %}The title{% endupperCaseBodyAsync %}</p>
<p>{% upperCaseBodyAsync %}{{ title }}{% endupperCaseBodyAsync %}</p>
<div>{{ "hello" | returnAsync }}</div>

{% include "partial.liquid" %}
{% include "./_includes/partial.liquid" %}
',
      date: [],
      layout: "basic.liquid",
      mergedKeys: [
        "tags",
      ],
      page: [
        "src",
        "data",
      ],
      paginate: "paginate",
      search: [],
      tags: "Array(0)",
      title: "The title",
      url: "/with-helpers/",
    },
    src: {
      asset: false,
      ext: ".liquid",
      path: "/with-helpers",
      remote: undefined,
      slug: "with-helpers",
    },
  },
]
`;
