export const snapshot = {};

snapshot[`Pagefind plugin 1`] = `
{
  formats: [
    {
      engines: 1,
      ext: ".page.ts",
      loader: [AsyncFunction: module],
      pageType: "page",
    },
    {
      engines: 1,
      ext: ".page.js",
      loader: [AsyncFunction: module],
      pageType: "page",
    },
    {
      engines: 0,
      ext: ".page.jsonc",
      loader: [AsyncFunction: json],
      pageType: "page",
    },
    {
      engines: 0,
      ext: ".page.json",
      loader: [AsyncFunction: json],
      pageType: "page",
    },
    {
      dataLoader: [AsyncFunction: json],
      engines: 0,
      ext: ".json",
      loader: [AsyncFunction: json],
    },
    {
      dataLoader: [AsyncFunction: json],
      engines: 0,
      ext: ".jsonc",
      loader: [AsyncFunction: json],
    },
    {
      engines: 1,
      ext: ".md",
      loader: [AsyncFunction: text],
      pageType: "page",
    },
    {
      engines: 1,
      ext: ".markdown",
      loader: [AsyncFunction: text],
      pageType: "page",
    },
    {
      dataLoader: [AsyncFunction: module],
      engines: 1,
      ext: ".js",
      loader: [AsyncFunction: module],
    },
    {
      dataLoader: [AsyncFunction: module],
      engines: 1,
      ext: ".ts",
      loader: [AsyncFunction: module],
    },
    {
      engines: 1,
      ext: ".njk",
      loader: [AsyncFunction: text],
      pageType: "page",
    },
    {
      dataLoader: [AsyncFunction: toml],
      engines: 0,
      ext: ".toml",
      loader: [AsyncFunction: toml],
      pageType: "page",
    },
    {
      dataLoader: [AsyncFunction: yaml],
      engines: 0,
      ext: ".yaml",
      loader: [AsyncFunction: yaml],
      pageType: "page",
    },
    {
      dataLoader: [AsyncFunction: yaml],
      engines: 0,
      ext: ".yml",
      loader: [AsyncFunction: yaml],
      pageType: "page",
    },
  ],
  src: [
    "/",
    "/_includes",
    "/_includes/main.njk",
    "/index.md",
    "/page2.md",
  ],
}
`;

snapshot[`Pagefind plugin 2`] = `[]`;

snapshot[`Pagefind plugin 3`] = `
[
  {
    content: \`<!DOCTYPE html>
<html lang="en"><head>
  <meta charset="UTF-8">
  <meta http-equiv="X-UA-Compatible" content="IE=edge">
  <meta name="viewport" content="width=device-width, initial-scale=1.0">
  <title>First page</title>
<link rel="stylesheet" href="/pagefind/pagefind-ui.css"><script type="text/javascript" src="/pagefind/pagefind-ui.js"></script><script type="text/javascript">window.addEventListener('DOMContentLoaded', () => { new PagefindUI({"element":"#search","showImages":false,"showEmptyFilters":true,"resetStyles":true,"bundlePath":"/pagefind/","baseUrl":"/"}); });</script></head>
<body>
  <div id="search"></div>
  <h1>Hello world</h1>
<p>This is the first page</p>



</body></html>\`,
    data: {
      children: "<h1>Hello world</h1>
<p>This is the first page</p>
",
      content: "# Hello world

This is the first page
",
      date: [],
      layout: "main.njk",
      mergedKeys: [
        "tags",
      ],
      page: [
        "src",
        "data",
      ],
      paginate: "paginate",
      search: [],
      tags: "Array(0)",
      title: "First page",
      url: "/",
    },
    src: {
      asset: false,
      ext: ".md",
      path: "/index",
      remote: undefined,
      slug: "index",
    },
  },
  {
    content: \`<!DOCTYPE html>
<html lang="en"><head>
  <meta charset="UTF-8">
  <meta http-equiv="X-UA-Compatible" content="IE=edge">
  <meta name="viewport" content="width=device-width, initial-scale=1.0">
  <title>Second page</title>
<link rel="stylesheet" href="/pagefind/pagefind-ui.css"><script type="text/javascript" src="/pagefind/pagefind-ui.js"></script><script type="text/javascript">window.addEventListener('DOMContentLoaded', () => { new PagefindUI({"element":"#search","showImages":false,"showEmptyFilters":true,"resetStyles":true,"bundlePath":"/pagefind/","baseUrl":"/"}); });</script></head>
<body>
  <div id="search"></div>
  <h1>Other page</h1>
<p>This is the second page</p>



</body></html>\`,
    data: {
      children: "<h1>Other page</h1>
<p>This is the second page</p>
",
      content: "# Other page

This is the second page
",
      date: [],
      layout: "main.njk",
      mergedKeys: [
        "tags",
      ],
      page: [
        "src",
        "data",
      ],
      paginate: "paginate",
      search: [],
      tags: "Array(0)",
      title: "Second page",
      url: "/page2/",
    },
    src: {
      asset: false,
      ext: ".md",
      path: "/page2",
      remote: undefined,
      slug: "page2",
    },
  },
]
`;
