export const snapshot = {};

snapshot[`imagick plugin 1`] = `
{
  formats: [
    {
      engines: 1,
      ext: ".tmpl.ts",
      pageLoader: [AsyncFunction: module],
    },
    {
      engines: 1,
      ext: ".tmpl.js",
      pageLoader: [AsyncFunction: module],
    },
    {
      engines: undefined,
      ext: ".tmpl.jsonc",
      pageLoader: [AsyncFunction: json],
    },
    {
      engines: undefined,
      ext: ".tmpl.json",
      pageLoader: [AsyncFunction: json],
    },
    {
      dataLoader: [AsyncFunction: json],
      engines: undefined,
      ext: ".json",
    },
    {
      dataLoader: [AsyncFunction: json],
      engines: undefined,
      ext: ".jsonc",
    },
    {
      engines: 1,
      ext: ".md",
      pageLoader: [AsyncFunction: text],
    },
    {
      engines: 1,
      ext: ".markdown",
      pageLoader: [AsyncFunction: text],
    },
    {
      componentLoader: [AsyncFunction: module],
      dataLoader: [AsyncFunction: module],
      engines: 1,
      ext: ".js",
    },
    {
      componentLoader: [AsyncFunction: module],
      dataLoader: [AsyncFunction: module],
      engines: 1,
      ext: ".ts",
    },
    {
      componentLoader: [AsyncFunction: text],
      engines: 1,
      ext: ".njk",
      includesPath: "_includes",
      pageLoader: [AsyncFunction: text],
    },
    {
      dataLoader: [AsyncFunction: yaml],
      engines: undefined,
      ext: ".yaml",
      pageLoader: [AsyncFunction: yaml],
    },
    {
      dataLoader: [AsyncFunction: yaml],
      engines: undefined,
      ext: ".yml",
      pageLoader: [AsyncFunction: yaml],
    },
    {
      asset: true,
      engines: undefined,
      ext: ".jpg",
      pageLoader: [AsyncFunction: binary],
    },
    {
      asset: true,
      engines: undefined,
      ext: ".jpeg",
      pageLoader: [AsyncFunction: binary],
    },
    {
      asset: true,
      engines: undefined,
      ext: ".png",
      pageLoader: [AsyncFunction: binary],
    },
  ],
  src: [
    "/",
    "/index.njk",
    "/kevin schmid unsplash.jpg",
  ],
}
`;

snapshot[`imagick plugin 2`] = `[]`;

snapshot[`imagick plugin 3`] = `
[
  {
    content: \`<!DOCTYPE html>
<html><head>
  <title>Demo</title>
</head>

<body>

  <!-- without sizes -->
  <div>
    <img src="/kevin%20schmid%20unsplash-600w.png" srcset="/kevin%20schmid%20unsplash-600w@2.png 2x">
  </div>


  <picture>
    <source srcset="/kevin%20schmid%20unsplash-600w.avif, /kevin%20schmid%20unsplash-600w@2.avif 2x" type="image/avif"><source srcset="/kevin%20schmid%20unsplash-600w.webp, /kevin%20schmid%20unsplash-600w@2.webp 2x" type="image/webp"><img src="/kevin%20schmid%20unsplash-600w.jpg" srcset="/kevin%20schmid%20unsplash-600w@2.jpg 2x">
  </picture>

  <!-- This image will be converted to a picture -->
  <picture><source srcset="/kevin%20schmid%20unsplash-300w.avif, /kevin%20schmid%20unsplash-300w@2.avif 2x" type="image/avif"><source srcset="/kevin%20schmid%20unsplash-300w.webp, /kevin%20schmid%20unsplash-300w@2.webp 2x" type="image/webp"><img src="/kevin%20schmid%20unsplash-300w.jpg" srcset="/kevin%20schmid%20unsplash-300w@2.jpg 2x"></picture>

  <!-- This image won't be converted to a picture -->
  <img src="/kevin%20schmid%20unsplash.avif">

  <!-- with sizes -->
  <div>
    <img src="/kevin%20schmid%20unsplash-600w.png 600w" sizes="600px" srcset="/kevin%20schmid%20unsplash-600w@2.png 1200w">
  </div>


  <picture>
    <source srcset="/kevin%20schmid%20unsplash-600w.avif 600w, /kevin%20schmid%20unsplash-600w@2.avif 1200w" type="image/avif" sizes="600px"><source srcset="/kevin%20schmid%20unsplash-600w.webp 600w, /kevin%20schmid%20unsplash-600w@2.webp 1200w" type="image/webp" sizes="600px"><img src="/kevin%20schmid%20unsplash-600w.jpg 600w" sizes="600px" srcset="/kevin%20schmid%20unsplash-600w@2.jpg 1200w">
  </picture>

  <!-- This image will be converted to a picture -->
  <picture><source srcset="/kevin%20schmid%20unsplash-300w.avif 300w, /kevin%20schmid%20unsplash-300w@2.avif 600w" type="image/avif" sizes="600px"><source srcset="/kevin%20schmid%20unsplash-300w.webp 300w, /kevin%20schmid%20unsplash-300w@2.webp 600w" type="image/webp" sizes="600px"><img src="/kevin%20schmid%20unsplash-300w.jpg 300w" sizes="600px" srcset="/kevin%20schmid%20unsplash-300w@2.jpg 600w"></picture>


</body></html>\`,
    data: {
      children: \`<!doctype html>
<html>
<head>
  <title>Demo</title>
</head>

<body>

  <!-- without sizes -->
  <div imagick="png 600@2">
    <img src="/kevin schmid unsplash.jpg">
  </div>


  <picture imagick="avif webp jpg 600@2">
    <img src="/kevin schmid unsplash.jpg">
  </picture>

  <!-- This image will be converted to a picture -->
  <img src="/kevin schmid unsplash.jpg" imagick="avif webp jpg 300@2">

  <!-- This image won't be converted to a picture -->
  <img src="/kevin schmid unsplash.jpg" imagick="avif">

  <!-- with sizes -->
  <div imagick="png 600@2">
    <img src="/kevin schmid unsplash.jpg" sizes="600px">
  </div>


  <picture imagick="avif webp jpg 600@2">
    <img src="/kevin schmid unsplash.jpg" sizes="600px">
  </picture>

  <!-- This image will be converted to a picture -->
  <img src="/kevin schmid unsplash.jpg" imagick="avif webp jpg 300@2" sizes="600px">
</body>
</html>
\`,
      content: \`<!doctype html>
<html>
<head>
  <title>Demo</title>
</head>

<body>

  <!-- without sizes -->
  <div imagick="png 600@2">
    <img src="/kevin schmid unsplash.jpg">
  </div>


  <picture imagick="avif webp jpg 600@2">
    <img src="/kevin schmid unsplash.jpg">
  </picture>

  <!-- This image will be converted to a picture -->
  <img src="/kevin schmid unsplash.jpg" imagick="avif webp jpg 300@2">

  <!-- This image won't be converted to a picture -->
  <img src="/kevin schmid unsplash.jpg" imagick="avif">

  <!-- with sizes -->
  <div imagick="png 600@2">
    <img src="/kevin schmid unsplash.jpg" sizes="600px">
  </div>


  <picture imagick="avif webp jpg 600@2">
    <img src="/kevin schmid unsplash.jpg" sizes="600px">
  </picture>

  <!-- This image will be converted to a picture -->
  <img src="/kevin schmid unsplash.jpg" imagick="avif webp jpg 300@2" sizes="600px">
</body>
</html>
\`,
      date: [],
      mergedKeys: [
        "tags",
      ],
      page: [
        "src",
        "data",
      ],
      paginate: "paginate",
      search: [],
      tags: "Array(0)",
      url: "/",
    },
    src: {
      asset: undefined,
      ext: ".njk",
      path: "/index",
      remote: undefined,
      slug: "index",
    },
  },
  {
    content: "Uint8Array(191297)",
    data: {
      content: "Uint8Array(139102)",
      date: [],
      imagick: "undefined",
      mergedKeys: [
        "tags",
      ],
      page: [
        "src",
        "data",
      ],
      paginate: "paginate",
      search: [],
      tags: "Array(0)",
      url: "/kevin schmid unsplash-600w.png",
    },
    src: {
      asset: true,
      ext: ".jpg",
      path: "/kevin schmid unsplash[0]",
      remote: undefined,
      slug: "kevin schmid unsplash",
    },
  },
  {
    content: "Uint8Array(6338)",
    data: {
      content: "Uint8Array(139102)",
      date: [],
      imagick: "undefined",
      mergedKeys: [
        "tags",
      ],
      page: [
        "src",
        "data",
      ],
      paginate: "paginate",
      search: [],
      tags: "Array(0)",
      url: "/kevin schmid unsplash-300w.webp",
    },
    src: {
      asset: true,
      ext: ".jpg",
      path: "/kevin schmid unsplash[10]",
      remote: undefined,
      slug: "kevin schmid unsplash",
    },
  },
  {
    content: "Uint8Array(10764)",
    data: {
      content: "Uint8Array(139102)",
      date: [],
      imagick: "undefined",
      mergedKeys: [
        "tags",
      ],
      page: [
        "src",
        "data",
      ],
      paginate: "paginate",
      search: [],
      tags: "Array(0)",
      url: "/kevin schmid unsplash-300w@2.webp",
    },
    src: {
      asset: true,
      ext: ".jpg",
      path: "/kevin schmid unsplash[11]",
      remote: undefined,
      slug: "kevin schmid unsplash",
    },
  },
  {
    content: "Uint8Array(9526)",
    data: {
      content: "Uint8Array(139102)",
      date: [],
      imagick: "undefined",
      mergedKeys: [
        "tags",
      ],
      page: [
        "src",
        "data",
      ],
      paginate: "paginate",
      search: [],
      tags: "Array(0)",
      url: "/kevin schmid unsplash-300w.jpg",
    },
    src: {
      asset: true,
      ext: ".jpg",
      path: "/kevin schmid unsplash[12]",
      remote: undefined,
      slug: "kevin schmid unsplash",
    },
  },
  {
    content: "Uint8Array(19816)",
    data: {
      content: "Uint8Array(139102)",
      date: [],
      imagick: "undefined",
      mergedKeys: [
        "tags",
      ],
      page: [
        "src",
        "data",
      ],
      paginate: "paginate",
      search: [],
      tags: "Array(0)",
      url: "/kevin schmid unsplash-300w@2.jpg",
    },
    src: {
      asset: true,
      ext: ".jpg",
      path: "/kevin schmid unsplash[13]",
      remote: undefined,
      slug: "kevin schmid unsplash",
    },
  },
  {
    content: "Uint8Array(15548)",
    data: {
      content: "Uint8Array(139102)",
      date: [],
      imagick: "undefined",
      mergedKeys: [
        "tags",
      ],
      page: [
        "src",
        "data",
      ],
      paginate: "paginate",
      search: [],
      tags: "Array(0)",
      url: "/kevin schmid unsplash.avif",
    },
    src: {
      asset: true,
      ext: ".jpg",
      path: "/kevin schmid unsplash[14]",
      remote: undefined,
      slug: "kevin schmid unsplash",
    },
  },
  {
    content: "Uint8Array(551915)",
    data: {
      content: "Uint8Array(139102)",
      date: [],
      imagick: "undefined",
      mergedKeys: [
        "tags",
      ],
      page: [
        "src",
        "data",
      ],
      paginate: "paginate",
      search: [],
      tags: "Array(0)",
      url: "/kevin schmid unsplash-600w@2.png",
    },
    src: {
      asset: true,
      ext: ".jpg",
      path: "/kevin schmid unsplash[1]",
      remote: undefined,
      slug: "kevin schmid unsplash",
    },
  },
  {
    content: "Uint8Array(6723)",
    data: {
      content: "Uint8Array(139102)",
      date: [],
      imagick: "undefined",
      mergedKeys: [
        "tags",
      ],
      page: [
        "src",
        "data",
      ],
      paginate: "paginate",
      search: [],
      tags: "Array(0)",
      url: "/kevin schmid unsplash-600w.avif",
    },
    src: {
      asset: true,
      ext: ".jpg",
      path: "/kevin schmid unsplash[2]",
      remote: undefined,
      slug: "kevin schmid unsplash",
    },
  },
  {
    content: "Uint8Array(10306)",
    data: {
      content: "Uint8Array(139102)",
      date: [],
      imagick: "undefined",
      mergedKeys: [
        "tags",
      ],
      page: [
        "src",
        "data",
      ],
      paginate: "paginate",
      search: [],
      tags: "Array(0)",
      url: "/kevin schmid unsplash-600w@2.avif",
    },
    src: {
      asset: true,
      ext: ".jpg",
      path: "/kevin schmid unsplash[3]",
      remote: undefined,
      slug: "kevin schmid unsplash",
    },
  },
  {
    content: "Uint8Array(10764)",
    data: {
      content: "Uint8Array(139102)",
      date: [],
      imagick: "undefined",
      mergedKeys: [
        "tags",
      ],
      page: [
        "src",
        "data",
      ],
      paginate: "paginate",
      search: [],
      tags: "Array(0)",
      url: "/kevin schmid unsplash-600w.webp",
    },
    src: {
      asset: true,
      ext: ".jpg",
      path: "/kevin schmid unsplash[4]",
      remote: undefined,
      slug: "kevin schmid unsplash",
    },
  },
  {
    content: "Uint8Array(21016)",
    data: {
      content: "Uint8Array(139102)",
      date: [],
      imagick: "undefined",
      mergedKeys: [
        "tags",
      ],
      page: [
        "src",
        "data",
      ],
      paginate: "paginate",
      search: [],
      tags: "Array(0)",
      url: "/kevin schmid unsplash-600w@2.webp",
    },
    src: {
      asset: true,
      ext: ".jpg",
      path: "/kevin schmid unsplash[5]",
      remote: undefined,
      slug: "kevin schmid unsplash",
    },
  },
  {
    content: "Uint8Array(19816)",
    data: {
      content: "Uint8Array(139102)",
      date: [],
      imagick: "undefined",
      mergedKeys: [
        "tags",
      ],
      page: [
        "src",
        "data",
      ],
      paginate: "paginate",
      search: [],
      tags: "Array(0)",
      url: "/kevin schmid unsplash-600w.jpg",
    },
    src: {
      asset: true,
      ext: ".jpg",
      path: "/kevin schmid unsplash[6]",
      remote: undefined,
      slug: "kevin schmid unsplash",
    },
  },
  {
    content: "Uint8Array(47837)",
    data: {
      content: "Uint8Array(139102)",
      date: [],
      imagick: "undefined",
      mergedKeys: [
        "tags",
      ],
      page: [
        "src",
        "data",
      ],
      paginate: "paginate",
      search: [],
      tags: "Array(0)",
      url: "/kevin schmid unsplash-600w@2.jpg",
    },
    src: {
      asset: true,
      ext: ".jpg",
      path: "/kevin schmid unsplash[7]",
      remote: undefined,
      slug: "kevin schmid unsplash",
    },
  },
  {
    content: "Uint8Array(5067)",
    data: {
      content: "Uint8Array(139102)",
      date: [],
      imagick: "undefined",
      mergedKeys: [
        "tags",
      ],
      page: [
        "src",
        "data",
      ],
      paginate: "paginate",
      search: [],
      tags: "Array(0)",
      url: "/kevin schmid unsplash-300w.avif",
    },
    src: {
      asset: true,
      ext: ".jpg",
      path: "/kevin schmid unsplash[8]",
      remote: undefined,
      slug: "kevin schmid unsplash",
    },
  },
  {
    content: "Uint8Array(6723)",
    data: {
      content: "Uint8Array(139102)",
      date: [],
      imagick: "undefined",
      mergedKeys: [
        "tags",
      ],
      page: [
        "src",
        "data",
      ],
      paginate: "paginate",
      search: [],
      tags: "Array(0)",
      url: "/kevin schmid unsplash-300w@2.avif",
    },
    src: {
      asset: true,
      ext: ".jpg",
      path: "/kevin schmid unsplash[9]",
      remote: undefined,
      slug: "kevin schmid unsplash",
    },
  },
]
`;
