export const snapshot = {};

snapshot[`build a site with pug 1`] = `
{
  formats: [
    {
      engines: 1,
      ext: ".tmpl.ts",
      pageLoader: [AsyncFunction: module],
    },
    {
      engines: 1,
      ext: ".tmpl.js",
      pageLoader: [AsyncFunction: module],
    },
    {
      engines: undefined,
      ext: ".tmpl.jsonc",
      pageLoader: [AsyncFunction: json],
    },
    {
      engines: undefined,
      ext: ".tmpl.json",
      pageLoader: [AsyncFunction: json],
    },
    {
      dataLoader: [AsyncFunction: json],
      engines: undefined,
      ext: ".json",
    },
    {
      dataLoader: [AsyncFunction: json],
      engines: undefined,
      ext: ".jsonc",
    },
    {
      engines: 1,
      ext: ".md",
      pageLoader: [AsyncFunction: text],
    },
    {
      engines: 1,
      ext: ".markdown",
      pageLoader: [AsyncFunction: text],
    },
    {
      componentLoader: [AsyncFunction: module],
      dataLoader: [AsyncFunction: module],
      engines: 1,
      ext: ".js",
    },
    {
      componentLoader: [AsyncFunction: module],
      dataLoader: [AsyncFunction: module],
      engines: 1,
      ext: ".ts",
    },
    {
      componentLoader: [AsyncFunction: text],
      engines: 1,
      ext: ".njk",
      pageLoader: [AsyncFunction: text],
    },
    {
      dataLoader: [AsyncFunction: toml],
      engines: undefined,
      ext: ".toml",
      pageLoader: [AsyncFunction: toml],
    },
    {
      dataLoader: [AsyncFunction: yaml],
      engines: undefined,
      ext: ".yaml",
      pageLoader: [AsyncFunction: yaml],
    },
    {
      dataLoader: [AsyncFunction: yaml],
      engines: undefined,
      ext: ".yml",
      pageLoader: [AsyncFunction: yaml],
    },
    {
      componentLoader: [AsyncFunction: text],
      engines: 1,
      ext: ".pug",
      pageLoader: [AsyncFunction: text],
    },
  ],
  src: [
    "/",
    "/_includes",
    "/_includes/layout.pug",
    "/_includes/layout2.pug",
    "/extends.pug",
    "/filter.pug",
    "/layout.pug",
  ],
}
`;

snapshot[`build a site with pug 2`] = `[]`;

snapshot[`build a site with pug 3`] = `
[
  {
    content: '<!DOCTYPE html>
<html class="no-js" lang="en"><head><meta charset="utf-8"/><title>Pug example</title></head><body><h1>Home</h1></body></html>',
    data: {
      children: '<html class="no-js" lang="en"><head><meta charset="utf-8"/><title>Pug example</title></head><body><h1>Home</h1></body></html>',
      content: "extends /layout.pug
block content
  h1 Home
",
      date: [],
      mergedKeys: [
        "tags",
      ],
      page: [
        "src",
        "data",
      ],
      paginate: "paginate",
      search: [],
      tags: "Array(0)",
      title: "Pug example",
      url: "/extends/",
    },
    src: {
      asset: undefined,
      ext: ".pug",
      path: "/extends",
      remote: undefined,
      slug: "extends",
    },
  },
  {
    content: '<!DOCTYPE html>
<html class="no-js" lang="en"><head><meta charset="utf-8"/><title>Markdown content</title></head><body><h1>This is a title</h1>
<p>This is a paragraph</p>
<ul>
<li>Option 1</li>
<li>Option 2</li>
</ul><h1>Some dynamic content</h1></body></html>',
    data: {
      children: '<html class="no-js" lang="en"><head><meta charset="utf-8"/><title>Markdown content</title></head><body><h1>This is a title</h1>
<p>This is a paragraph</p>
<ul>
<li>Option 1</li>
<li>Option 2</li>
</ul><h1>Some dynamic content</h1></body></html>',
      content: 'extends ./_includes/layout.pug
block content
  :md
    # This is a title

    This is a paragraph

    - Option 1
    - Option 2

  - const dynamicMd = "# Some dynamic content";
  != filters.md(dynamicMd)
',
      date: [],
      mergedKeys: [
        "tags",
      ],
      page: [
        "src",
        "data",
      ],
      paginate: "paginate",
      search: [],
      tags: "Array(0)",
      title: "Markdown content",
      url: "/article.html",
    },
    src: {
      asset: undefined,
      ext: ".pug",
      path: "/filter",
      remote: undefined,
      slug: "filter",
    },
  },
  {
    content: '<!DOCTYPE html>
<html class="no-js" lang="en"><head><meta charset="utf-8"/><title>Pug example</title></head><body><header><h1>Pug example</h1></header></body></html>',
    data: {
      children: "<header><h1>Pug example</h1></header>",
      content: "header
  h1 #{title}
",
      date: [],
      layout: "layout2.pug",
      mergedKeys: [
        "tags",
      ],
      page: [
        "src",
        "data",
      ],
      paginate: "paginate",
      search: [],
      tags: "Array(0)",
      title: "Pug example",
      url: "/layout/",
    },
    src: {
      asset: undefined,
      ext: ".pug",
      path: "/layout",
      remote: undefined,
      slug: "layout",
    },
  },
]
`;
