export const snapshot = {};

snapshot[`sass plugin 1`] = `
{
  formats: [
    {
      engines: 1,
      ext: ".tmpl.ts",
      pageLoader: [AsyncFunction: module],
    },
    {
      engines: 1,
      ext: ".tmpl.js",
      pageLoader: [AsyncFunction: module],
    },
    {
      engines: undefined,
      ext: ".tmpl.jsonc",
      pageLoader: [AsyncFunction: json],
    },
    {
      engines: undefined,
      ext: ".tmpl.json",
      pageLoader: [AsyncFunction: json],
    },
    {
      dataLoader: [AsyncFunction: json],
      engines: undefined,
      ext: ".json",
    },
    {
      dataLoader: [AsyncFunction: json],
      engines: undefined,
      ext: ".jsonc",
    },
    {
      engines: 1,
      ext: ".md",
      pageLoader: [AsyncFunction: text],
    },
    {
      engines: 1,
      ext: ".markdown",
      pageLoader: [AsyncFunction: text],
    },
    {
      componentLoader: [AsyncFunction: module],
      dataLoader: [AsyncFunction: module],
      engines: 1,
      ext: ".js",
    },
    {
      componentLoader: [AsyncFunction: module],
      dataLoader: [AsyncFunction: module],
      engines: 1,
      ext: ".ts",
    },
    {
      componentLoader: [AsyncFunction: text],
      engines: 1,
      ext: ".njk",
      pageLoader: [AsyncFunction: text],
    },
    {
      dataLoader: [AsyncFunction: toml],
      engines: undefined,
      ext: ".toml",
      pageLoader: [AsyncFunction: toml],
    },
    {
      dataLoader: [AsyncFunction: yaml],
      engines: undefined,
      ext: ".yaml",
      pageLoader: [AsyncFunction: yaml],
    },
    {
      dataLoader: [AsyncFunction: yaml],
      engines: undefined,
      ext: ".yml",
      pageLoader: [AsyncFunction: yaml],
    },
    {
      asset: true,
      engines: undefined,
      ext: ".scss",
      pageLoader: [AsyncFunction: text],
    },
    {
      asset: true,
      engines: undefined,
      ext: ".sass",
      pageLoader: [AsyncFunction: text],
    },
  ],
  src: [
    "/",
    "/_includes",
    "/_includes/sass",
    "/_includes/sass/_list.scss",
    "/_includes/sass/bootstrap.scss",
    "/_includes/sass/button",
    "/_includes/sass/button/index.scss",
    "/_includes/sass/colors.scss",
    "/_includes/sass/fourth.scss",
    "/_includes/sass/third.scss",
    "/index.scss",
    "/index2.sass",
    "/styles.css",
  ],
}
`;

snapshot[`sass plugin 2`] = `[]`;

snapshot[`sass plugin 3`] = `
[
  {
    content: '@import"./styles.css";html{scroll-behavior:smooth;font:100% Helvetica,sans-serif}hr{color:blue}body{font:100% Helvetica,sans-serif;color:#333}li{margin:0;padding:0;list-style:none}',
    data: {
      content: '@use "sass/bootstrap";

@import "./styles.css";
@import "./_includes/sass/colors";
@import "sass/button";

li {
  @include bootstrap.list-reset;
}
',
      date: [],
      mergedKeys: [
        "tags",
      ],
      page: [
        "src",
        "data",
      ],
      paginate: "paginate",
      search: [],
      tags: "Array(0)",
      url: "/index.css",
    },
    src: {
      asset: true,
      ext: ".scss",
      path: "/index",
      remote: undefined,
      slug: "index",
    },
  },
  {
    content: "body{color:blue}",
    data: {
      content: '@import "sass/colors"

body
  color: \$primary-color
',
      date: [],
      mergedKeys: [
        "tags",
      ],
      page: [
        "src",
        "data",
      ],
      paginate: "paginate",
      search: [],
      tags: "Array(0)",
      url: "/index2.css",
    },
    src: {
      asset: true,
      ext: ".sass",
      path: "/index2",
      remote: undefined,
      slug: "index2",
    },
  },
]
`;
