export const snapshot = {};

snapshot[`Sheets plugin 1`] = `
{
  formats: [
    {
      engines: 1,
      ext: ".tmpl.ts",
      pageLoader: [AsyncFunction: module],
    },
    {
      engines: 1,
      ext: ".tmpl.js",
      pageLoader: [AsyncFunction: module],
    },
    {
      engines: undefined,
      ext: ".tmpl.jsonc",
      pageLoader: [AsyncFunction: json],
    },
    {
      engines: undefined,
      ext: ".tmpl.json",
      pageLoader: [AsyncFunction: json],
    },
    {
      dataLoader: [AsyncFunction: json],
      engines: undefined,
      ext: ".json",
    },
    {
      dataLoader: [AsyncFunction: json],
      engines: undefined,
      ext: ".jsonc",
    },
    {
      engines: 1,
      ext: ".md",
      pageLoader: [AsyncFunction: text],
    },
    {
      engines: 1,
      ext: ".markdown",
      pageLoader: [AsyncFunction: text],
    },
    {
      componentLoader: [AsyncFunction: module],
      dataLoader: [AsyncFunction: module],
      engines: 1,
      ext: ".js",
    },
    {
      componentLoader: [AsyncFunction: module],
      dataLoader: [AsyncFunction: module],
      engines: 1,
      ext: ".ts",
    },
    {
      componentLoader: [AsyncFunction: text],
      engines: 1,
      ext: ".njk",
      includesPath: "_includes",
      pageLoader: [AsyncFunction: text],
    },
    {
      dataLoader: [AsyncFunction: toml],
      engines: undefined,
      ext: ".toml",
      pageLoader: [AsyncFunction: toml],
    },
    {
      dataLoader: [AsyncFunction: yaml],
      engines: undefined,
      ext: ".yaml",
      pageLoader: [AsyncFunction: yaml],
    },
    {
      dataLoader: [AsyncFunction: yaml],
      engines: undefined,
      ext: ".yml",
      pageLoader: [AsyncFunction: yaml],
    },
    {
      dataLoader: [AsyncFunction: loader],
      engines: undefined,
      ext: ".xlsx",
    },
    {
      dataLoader: [AsyncFunction: loader],
      engines: undefined,
      ext: ".numbers",
    },
    {
      dataLoader: [AsyncFunction: loader],
      engines: undefined,
      ext: ".csv",
    },
  ],
  src: [
    "/",
    "/_data",
    "/_data/attendance_numbers.numbers",
    "/index.njk",
  ],
}
`;

snapshot[`Sheets plugin 2`] = `[]`;

snapshot[`Sheets plugin 3`] = `
[
  {
    content: "<!DOCTYPE html>
" +
      "<body>
" +
      "
" +
      "  <table>
" +
      "    <tr>
" +
      "      
" +
      "        <th>Day</th>
" +
      "      
" +
      "        <th>Benny 
" +
      "Ashley</th>
" +
      "      
" +
      "        <th>Tom Brooks</th>
" +
      "      
" +
      "        <th>Jimmy Cooney</th>
" +
      "      
" +
      "        <th>Sue 
" +
      "Daniels</th>
" +
      "      
" +
      "        <th>Berlinda Fong</th>
" +
      "      
" +
      "        <th>Terry Jones</th>
" +
      "      
" +
      "        <th>Angelina Little</th>
" +
      "      
" +
      "        <th>Linda Smith</th>
" +
      "      
" +
      "    </tr>
" +
      "
" +
      "    
" +
      "      <tr>
" +
      "        
" +
      "          <td>1</td>
" +
      "        
" +
      "          <td>true</td>
" +
      "        
" +
      "          <td>true</td>
" +
      "        
" +
      "          <td>true</td>
" +
      "        
" +
      "          <td>true</td>
" +
      "        
" +
      "          <td>true</td>
" +
      "        
" +
      "          <td>true</td>
" +
      "        
" +
      "          <td>false</td>
" +
      "        
" +
      "          <td>true</td>
" +
      "        
" +
      "      </tr>
" +
      "    
" +
      "      <tr>
" +
      "        
" +
      "          <td>2</td>
" +
      "        
" +
      "          <td>true</td>
" +
      "        
" +
      "          <td>true</td>
" +
      "        
" +
      "          <td>false</td>
" +
      "        
" +
      "          <td>false</td>
" +
      "        
" +
      "          <td>false</td>
" +
      "        
" +
      "          <td>false</td>
" +
      "        
" +
      "          <td>false</td>
" +
      "        
" +
      "          <td>false</td>
" +
      "        
" +
      "      </tr>
" +
      "    
" +
      "      <tr>
" +
      "        
" +
      "          <td>3</td>
" +
      "        
" +
      "          <td>false</td>
" +
      "        
" +
      "          <td>false</td>
" +
      "        
" +
      "          <td>false</td>
" +
      "        
" +
      "          <td>false</td>
" +
      "        
" +
      "          <td>false</td>
" +
      "        
" +
      "          <td>false</td>
" +
      "        
" +
      "          <td>false</td>
" +
      "        
" +
      "          <td>false</td>
" +
      "        
" +
      "      </tr>
" +
      "    
" +
      "      <tr>
" +
      "        
" +
      "          <td>4</td>
" +
      "        
" +
      "          <td>false</td>
" +
      "        
" +
      "          <td>false</td>
" +
      "        
" +
      "          <td>false</td>
" +
      "        
" +
      "          <td>false</td>
" +
      "        
" +
      "          <td>false</td>
" +
      "        
" +
      "          <td>false</td>
" +
      "        
" +
      "          <td>false</td>
" +
      "        
" +
      "          <td>false</td>
" +
      "        
" +
      "      </tr>
" +
      "    
" +
      "      <tr>
" +
      "        
" +
      "          <td>5</td>
" +
      "        
" +
      "          <td>false</td>
" +
      "        
" +
      "          <td>false</td>
" +
      "        
" +
      "          <td>false</td>
" +
      "        
" +
      "          <td>false</td>
" +
      "        
" +
      "          <td>false</td>
" +
      "        
" +
      "          <td>false</td>
" +
      "        
" +
      "          <td>false</td>
" +
      "        
" +
      "          <td>false</td>
" +
      "        
" +
      "      </tr>
" +
      "    
" +
      "      <tr>
" +
      "        
" +
      "          <td>6</td>
" +
      "        
" +
      "          <td>false</td>
" +
      "        
" +
      "          <td>false</td>
" +
      "        
" +
      "          <td>false</td>
" +
      "        
" +
      "          <td>false</td>
" +
      "        
" +
      "          <td>false</td>
" +
      "        
" +
      "          <td>false</td>
" +
      "        
" +
      "          <td>false</td>
" +
      "        
" +
      "          <td>false</td>
" +
      "        
" +
      "      </tr>
" +
      "    
" +
      "      <tr>
" +
      "        
" +
      "          <td>7</td>
" +
      "        
" +
      "          <td>false</td>
" +
      "        
" +
      "          <td>false</td>
" +
      "        
" +
      "          <td>false</td>
" +
      "        
" +
      "          <td>false</td>
" +
      "        
" +
      "          <td>false</td>
" +
      "        
" +
      "          <td>false</td>
" +
      "        
" +
      "          <td>false</td>
" +
      "        
" +
      "          <td>false</td>
" +
      "        
" +
      "      </tr>
" +
      "    
" +
      "      <tr>
" +
      "        
" +
      "          <td>8</td>
" +
      "        
" +
      "          <td>false</td>
" +
      "        
" +
      "          <td>false</td>
" +
      "        
" +
      "          <td>false</td>
" +
      "        
" +
      "          <td>false</td>
" +
      "        
" +
      "          <td>false</td>
" +
      "        
" +
      "          <td>false</td>
" +
      "        
" +
      "          <td>false</td>
" +
      "        
" +
      "          <td>false</td>
" +
      "        
" +
      "      </tr>
" +
      "    
" +
      "      <tr>
" +
      "        
" +
      "          <td>9</td>
" +
      "        
" +
      "          <td>false</td>
" +
      "        
" +
      "          <td>false</td>
" +
      "        
" +
      "          <td>false</td>
" +
      "        
" +
      "          <td>false</td>
" +
      "        
" +
      "          <td>false</td>
" +
      "        
" +
      "          <td>false</td>
" +
      "        
" +
      "          <td>false</td>
" +
      "        
" +
      "          <td>false</td>
" +
      "        
" +
      "      </tr>
" +
      "    
" +
      "      <tr>
" +
      "        
" +
      "          <td>0</td>
" +
      "        
" +
      "          <td>false</td>
" +
      "        
" +
      "          <td>false</td>
" +
      "        
" +
      "          <td>false</td>
" +
      "        
" +
      "          <td>false</td>
" +
      "        
" +
      "          <td>false</td>
" +
      "        
" +
      "          <td>false</td>
" +
      "        
" +
      "          <td>false</td>
" +
      "        
" +
      "          <td>false</td>
" +
      "        
" +
      "      </tr>
" +
      "    
" +
      "      <tr>
" +
      "        
" +
      "          <td>11</td>
" +
      "        
" +
      "          <td>false</td>
" +
      "        
" +
      "          <td>false</td>
" +
      "        
" +
      "          <td>false</td>
" +
      "        
" +
      "          <td>false</td>
" +
      "        
" +
      "          <td>false</td>
" +
      "        
" +
      "          <td>false</td>
" +
      "        
" +
      "          <td>false</td>
" +
      "        
" +
      "          <td>false</td>
" +
      "        
" +
      "      </tr>
" +
      "    
" +
      "      <tr>
" +
      "        
" +
      "          <td>12</td>
" +
      "        
" +
      "          <td>false</td>
" +
      "        
" +
      "          <td>false</td>
" +
      "        
" +
      "          <td>false</td>
" +
      "        
" +
      "          <td>false</td>
" +
      "        
" +
      "          <td>false</td>
" +
      "        
" +
      "          <td>false</td>
" +
      "        
" +
      "          <td>false</td>
" +
      "        
" +
      "          <td>false</td>
" +
      "        
" +
      "      </tr>
" +
      "    
" +
      "      <tr>
" +
      "        
" +
      "          <td>13</td>
" +
      "        
" +
      "          <td>false</td>
" +
      "        
" +
      "          <td>false</td>
" +
      "        
" +
      "          <td>false</td>
" +
      "        
" +
      "          <td>false</td>
" +
      "        
" +
      "          <td>false</td>
" +
      "        
" +
      "          <td>false</td>
" +
      "        
" +
      "          <td>false</td>
" +
      "        
" +
      "          <td>false</td>
" +
      "        
" +
      "      </tr>
" +
      "    
" +
      "      <tr>
" +
      "        
" +
      "          <td>14</td>
" +
      "        
" +
      "          <td>false</td>
" +
      "        
" +
      "          <td>false</td>
" +
      "        
" +
      "          <td>false</td>
" +
      "        
" +
      "          <td>false</td>
" +
      "        
" +
      "          <td>false</td>
" +
      "        
" +
      "          <td>false</td>
" +
      "        
" +
      "          <td>false</td>
" +
      "        
" +
      "          <td>false</td>
" +
      "        
" +
      "      </tr>
" +
      "    
" +
      "      <tr>
" +
      "        
" +
      "          <td>15</td>
" +
      "        
" +
      "          <td>false</td>
" +
      "        
" +
      "          <td>false</td>
" +
      "        
" +
      "          <td>false</td>
" +
      "        
" +
      "          <td>false</td>
" +
      "        
" +
      "          <td>false</td>
" +
      "        
" +
      "          <td>false</td>
" +
      "        
" +
      "          <td>false</td>
" +
      "        
" +
      "          <td>false</td>
" +
      "        
" +
      "      </tr>
" +
      "    
" +
      "      <tr>
" +
      "        
" +
      "          <td>16</td>
" +
      "        
" +
      "          <td>false</td>
" +
      "        
" +
      "          <td>false</td>
" +
      "        
" +
      "          <td>false</td>
" +
      "        
" +
      "          <td>false</td>
" +
      "        
" +
      "          <td>false</td>
" +
      "        
" +
      "          <td>false</td>
" +
      "        
" +
      "          <td>false</td>
" +
      "        
" +
      "          <td>false</td>
" +
      "        
" +
      "      </tr>
" +
      "    
" +
      "      <tr>
" +
      "        
" +
      "          <td>17</td>
" +
      "        
" +
      "          <td>false</td>
" +
      "        
" +
      "          <td>false</td>
" +
      "        
" +
      "          <td>false</td>
" +
      "        
" +
      "          <td>false</td>
" +
      "        
" +
      "          <td>false</td>
" +
      "        
" +
      "          <td>false</td>
" +
      "        
" +
      "          <td>false</td>
" +
      "        
" +
      "          <td>false</td>
" +
      "        
" +
      "      </tr>
" +
      "    
" +
      "      <tr>
" +
      "        
" +
      "          <td>18</td>
" +
      "        
" +
      "          <td>false</td>
" +
      "        
" +
      "          <td>false</td>
" +
      "        
" +
      "          <td>false</td>
" +
      "        
" +
      "          <td>false</td>
" +
      "        
" +
      "          <td>false</td>
" +
      "        
" +
      "          <td>false</td>
" +
      "        
" +
      "          <td>false</td>
" +
      "        
" +
      "          <td>false</td>
" +
      "        
" +
      "      </tr>
" +
      "    
" +
      "      <tr>
" +
      "        
" +
      "          <td>19</td>
" +
      "        
" +
      "          <td>false</td>
" +
      "        
" +
      "          <td>false</td>
" +
      "        
" +
      "          <td>false</td>
" +
      "        
" +
      "          <td>false</td>
" +
      "        
" +
      "          <td>false</td>
" +
      "        
" +
      "          <td>false</td>
" +
      "        
" +
      "          <td>false</td>
" +
      "        
" +
      "          <td>false</td>
" +
      "        
" +
      "      </tr>
" +
      "    
" +
      "      <tr>
" +
      "        
" +
      "          <td>20</td>
" +
      "        
" +
      "          <td>false</td>
" +
      "        
" +
      "          <td>false</td>
" +
      "        
" +
      "          <td>false</td>
" +
      "        
" +
      "          <td>false</td>
" +
      "        
" +
      "          <td>false</td>
" +
      "        
" +
      "          <td>false</td>
" +
      "        
" +
      "          <td>false</td>
" +
      "        
" +
      "          <td>false</td>
" +
      "        
" +
      "      </tr>
" +
      "    
" +
      "      <tr>
" +
      "        
" +
      "          <td>21</td>
" +
      "        
" +
      "          <td>false</td>
" +
      "        
" +
      "          <td>false</td>
" +
      "        
" +
      "          <td>false</td>
" +
      "        
" +
      "          <td>false</td>
" +
      "        
" +
      "          <td>false</td>
" +
      "        
" +
      "          <td>false</td>
" +
      "        
" +
      "          <td>false</td>
" +
      "        
" +
      "          <td>false</td>
" +
      "        
" +
      "      </tr>
" +
      "    
" +
      "      <tr>
" +
      "        
" +
      "          <td>22</td>
" +
      "        
" +
      "          <td>false</td>
" +
      "        
" +
      "          <td>false</td>
" +
      "        
" +
      "          <td>false</td>
" +
      "        
" +
      "          <td>false</td>
" +
      "        
" +
      "          <td>false</td>
" +
      "        
" +
      "          <td>false</td>
" +
      "        
" +
      "          <td>false</td>
" +
      "        
" +
      "          <td>false</td>
" +
      "        
" +
      "      </tr>
" +
      "    
" +
      "      <tr>
" +
      "        
" +
      "          <td>23</td>
" +
      "        
" +
      "          <td>false</td>
" +
      "        
" +
      "          <td>false</td>
" +
      "        
" +
      "          <td>false</td>
" +
      "        
" +
      "          <td>false</td>
" +
      "        
" +
      "          <td>false</td>
" +
      "        
" +
      "          <td>false</td>
" +
      "        
" +
      "          <td>false</td>
" +
      "        
" +
      "          <td>false</td>
" +
      "        
" +
      "      </tr>
" +
      "    
" +
      "      <tr>
" +
      "        
" +
      "          <td>Total</td>
" +
      "        
" +
      "          <td>2</td>
" +
      "        
" +
      "          <td>2</td>
" +
      "        
" +
      "          <td>1</td>
" +
      "        
" +
      "          <td>1</td>
" +
      "        
" +
      "          <td>1</td>
" +
      "        
" +
      "          <td>1</td>
" +
      "        
" +
      "          <td>0</td>
" +
      "        
" +
      "          <td>1</td>
" +
      "        
" +
      "      </tr>
" +
      "    
" +
      "  </table>
" +
      "</body>
",
    data: {
      attendance_numbers: "Array(24)",
      children: "<body>
" +
        "
" +
        "  <table>
" +
        "    <tr>
" +
        "      
" +
        "        <th>Day</th>
" +
        "      
" +
        "        <th>Benny 
" +
        "Ashley</th>
" +
        "      
" +
        "        <th>Tom Brooks</th>
" +
        "      
" +
        "        <th>Jimmy Cooney</th>
" +
        "      
" +
        "        <th>Sue 
" +
        "Daniels</th>
" +
        "      
" +
        "        <th>Berlinda Fong</th>
" +
        "      
" +
        "        <th>Terry Jones</th>
" +
        "      
" +
        "        <th>Angelina Little</th>
" +
        "      
" +
        "        <th>Linda Smith</th>
" +
        "      
" +
        "    </tr>
" +
        "
" +
        "    
" +
        "      <tr>
" +
        "        
" +
        "          <td>1</td>
" +
        "        
" +
        "          <td>true</td>
" +
        "        
" +
        "          <td>true</td>
" +
        "        
" +
        "          <td>true</td>
" +
        "        
" +
        "          <td>true</td>
" +
        "        
" +
        "          <td>true</td>
" +
        "        
" +
        "          <td>true</td>
" +
        "        
" +
        "          <td>false</td>
" +
        "        
" +
        "          <td>true</td>
" +
        "        
" +
        "      </tr>
" +
        "    
" +
        "      <tr>
" +
        "        
" +
        "          <td>2</td>
" +
        "        
" +
        "          <td>true</td>
" +
        "        
" +
        "          <td>true</td>
" +
        "        
" +
        "          <td>false</td>
" +
        "        
" +
        "          <td>false</td>
" +
        "        
" +
        "          <td>false</td>
" +
        "        
" +
        "          <td>false</td>
" +
        "        
" +
        "          <td>false</td>
" +
        "        
" +
        "          <td>false</td>
" +
        "        
" +
        "      </tr>
" +
        "    
" +
        "      <tr>
" +
        "        
" +
        "          <td>3</td>
" +
        "        
" +
        "          <td>false</td>
" +
        "        
" +
        "          <td>false</td>
" +
        "        
" +
        "          <td>false</td>
" +
        "        
" +
        "          <td>false</td>
" +
        "        
" +
        "          <td>false</td>
" +
        "        
" +
        "          <td>false</td>
" +
        "        
" +
        "          <td>false</td>
" +
        "        
" +
        "          <td>false</td>
" +
        "        
" +
        "      </tr>
" +
        "    
" +
        "      <tr>
" +
        "        
" +
        "          <td>4</td>
" +
        "        
" +
        "          <td>false</td>
" +
        "        
" +
        "          <td>false</td>
" +
        "        
" +
        "          <td>false</td>
" +
        "        
" +
        "          <td>false</td>
" +
        "        
" +
        "          <td>false</td>
" +
        "        
" +
        "          <td>false</td>
" +
        "        
" +
        "          <td>false</td>
" +
        "        
" +
        "          <td>false</td>
" +
        "        
" +
        "      </tr>
" +
        "    
" +
        "      <tr>
" +
        "        
" +
        "          <td>5</td>
" +
        "        
" +
        "          <td>false</td>
" +
        "        
" +
        "          <td>false</td>
" +
        "        
" +
        "          <td>false</td>
" +
        "        
" +
        "          <td>false</td>
" +
        "        
" +
        "          <td>false</td>
" +
        "        
" +
        "          <td>false</td>
" +
        "        
" +
        "          <td>false</td>
" +
        "        
" +
        "          <td>false</td>
" +
        "        
" +
        "      </tr>
" +
        "    
" +
        "      <tr>
" +
        "        
" +
        "          <td>6</td>
" +
        "        
" +
        "          <td>false</td>
" +
        "        
" +
        "          <td>false</td>
" +
        "        
" +
        "          <td>false</td>
" +
        "        
" +
        "          <td>false</td>
" +
        "        
" +
        "          <td>false</td>
" +
        "        
" +
        "          <td>false</td>
" +
        "        
" +
        "          <td>false</td>
" +
        "        
" +
        "          <td>false</td>
" +
        "        
" +
        "      </tr>
" +
        "    
" +
        "      <tr>
" +
        "        
" +
        "          <td>7</td>
" +
        "        
" +
        "          <td>false</td>
" +
        "        
" +
        "          <td>false</td>
" +
        "        
" +
        "          <td>false</td>
" +
        "        
" +
        "          <td>false</td>
" +
        "        
" +
        "          <td>false</td>
" +
        "        
" +
        "          <td>false</td>
" +
        "        
" +
        "          <td>false</td>
" +
        "        
" +
        "          <td>false</td>
" +
        "        
" +
        "      </tr>
" +
        "    
" +
        "      <tr>
" +
        "        
" +
        "          <td>8</td>
" +
        "        
" +
        "          <td>false</td>
" +
        "        
" +
        "          <td>false</td>
" +
        "        
" +
        "          <td>false</td>
" +
        "        
" +
        "          <td>false</td>
" +
        "        
" +
        "          <td>false</td>
" +
        "        
" +
        "          <td>false</td>
" +
        "        
" +
        "          <td>false</td>
" +
        "        
" +
        "          <td>false</td>
" +
        "        
" +
        "      </tr>
" +
        "    
" +
        "      <tr>
" +
        "        
" +
        "          <td>9</td>
" +
        "        
" +
        "          <td>false</td>
" +
        "        
" +
        "          <td>false</td>
" +
        "        
" +
        "          <td>false</td>
" +
        "        
" +
        "          <td>false</td>
" +
        "        
" +
        "          <td>false</td>
" +
        "        
" +
        "          <td>false</td>
" +
        "        
" +
        "          <td>false</td>
" +
        "        
" +
        "          <td>false</td>
" +
        "        
" +
        "      </tr>
" +
        "    
" +
        "      <tr>
" +
        "        
" +
        "          <td>0</td>
" +
        "        
" +
        "          <td>false</td>
" +
        "        
" +
        "          <td>false</td>
" +
        "        
" +
        "          <td>false</td>
" +
        "        
" +
        "          <td>false</td>
" +
        "        
" +
        "          <td>false</td>
" +
        "        
" +
        "          <td>false</td>
" +
        "        
" +
        "          <td>false</td>
" +
        "        
" +
        "          <td>false</td>
" +
        "        
" +
        "      </tr>
" +
        "    
" +
        "      <tr>
" +
        "        
" +
        "          <td>11</td>
" +
        "        
" +
        "          <td>false</td>
" +
        "        
" +
        "          <td>false</td>
" +
        "        
" +
        "          <td>false</td>
" +
        "        
" +
        "          <td>false</td>
" +
        "        
" +
        "          <td>false</td>
" +
        "        
" +
        "          <td>false</td>
" +
        "        
" +
        "          <td>false</td>
" +
        "        
" +
        "          <td>false</td>
" +
        "        
" +
        "      </tr>
" +
        "    
" +
        "      <tr>
" +
        "        
" +
        "          <td>12</td>
" +
        "        
" +
        "          <td>false</td>
" +
        "        
" +
        "          <td>false</td>
" +
        "        
" +
        "          <td>false</td>
" +
        "        
" +
        "          <td>false</td>
" +
        "        
" +
        "          <td>false</td>
" +
        "        
" +
        "          <td>false</td>
" +
        "        
" +
        "          <td>false</td>
" +
        "        
" +
        "          <td>false</td>
" +
        "        
" +
        "      </tr>
" +
        "    
" +
        "      <tr>
" +
        "        
" +
        "          <td>13</td>
" +
        "        
" +
        "          <td>false</td>
" +
        "        
" +
        "          <td>false</td>
" +
        "        
" +
        "          <td>false</td>
" +
        "        
" +
        "          <td>false</td>
" +
        "        
" +
        "          <td>false</td>
" +
        "        
" +
        "          <td>false</td>
" +
        "        
" +
        "          <td>false</td>
" +
        "        
" +
        "          <td>false</td>
" +
        "        
" +
        "      </tr>
" +
        "    
" +
        "      <tr>
" +
        "        
" +
        "          <td>14</td>
" +
        "        
" +
        "          <td>false</td>
" +
        "        
" +
        "          <td>false</td>
" +
        "        
" +
        "          <td>false</td>
" +
        "        
" +
        "          <td>false</td>
" +
        "        
" +
        "          <td>false</td>
" +
        "        
" +
        "          <td>false</td>
" +
        "        
" +
        "          <td>false</td>
" +
        "        
" +
        "          <td>false</td>
" +
        "        
" +
        "      </tr>
" +
        "    
" +
        "      <tr>
" +
        "        
" +
        "          <td>15</td>
" +
        "        
" +
        "          <td>false</td>
" +
        "        
" +
        "          <td>false</td>
" +
        "        
" +
        "          <td>false</td>
" +
        "        
" +
        "          <td>false</td>
" +
        "        
" +
        "          <td>false</td>
" +
        "        
" +
        "          <td>false</td>
" +
        "        
" +
        "          <td>false</td>
" +
        "        
" +
        "          <td>false</td>
" +
        "        
" +
        "      </tr>
" +
        "    
" +
        "      <tr>
" +
        "        
" +
        "          <td>16</td>
" +
        "        
" +
        "          <td>false</td>
" +
        "        
" +
        "          <td>false</td>
" +
        "        
" +
        "          <td>false</td>
" +
        "        
" +
        "          <td>false</td>
" +
        "        
" +
        "          <td>false</td>
" +
        "        
" +
        "          <td>false</td>
" +
        "        
" +
        "          <td>false</td>
" +
        "        
" +
        "          <td>false</td>
" +
        "        
" +
        "      </tr>
" +
        "    
" +
        "      <tr>
" +
        "        
" +
        "          <td>17</td>
" +
        "        
" +
        "          <td>false</td>
" +
        "        
" +
        "          <td>false</td>
" +
        "        
" +
        "          <td>false</td>
" +
        "        
" +
        "          <td>false</td>
" +
        "        
" +
        "          <td>false</td>
" +
        "        
" +
        "          <td>false</td>
" +
        "        
" +
        "          <td>false</td>
" +
        "        
" +
        "          <td>false</td>
" +
        "        
" +
        "      </tr>
" +
        "    
" +
        "      <tr>
" +
        "        
" +
        "          <td>18</td>
" +
        "        
" +
        "          <td>false</td>
" +
        "        
" +
        "          <td>false</td>
" +
        "        
" +
        "          <td>false</td>
" +
        "        
" +
        "          <td>false</td>
" +
        "        
" +
        "          <td>false</td>
" +
        "        
" +
        "          <td>false</td>
" +
        "        
" +
        "          <td>false</td>
" +
        "        
" +
        "          <td>false</td>
" +
        "        
" +
        "      </tr>
" +
        "    
" +
        "      <tr>
" +
        "        
" +
        "          <td>19</td>
" +
        "        
" +
        "          <td>false</td>
" +
        "        
" +
        "          <td>false</td>
" +
        "        
" +
        "          <td>false</td>
" +
        "        
" +
        "          <td>false</td>
" +
        "        
" +
        "          <td>false</td>
" +
        "        
" +
        "          <td>false</td>
" +
        "        
" +
        "          <td>false</td>
" +
        "        
" +
        "          <td>false</td>
" +
        "        
" +
        "      </tr>
" +
        "    
" +
        "      <tr>
" +
        "        
" +
        "          <td>20</td>
" +
        "        
" +
        "          <td>false</td>
" +
        "        
" +
        "          <td>false</td>
" +
        "        
" +
        "          <td>false</td>
" +
        "        
" +
        "          <td>false</td>
" +
        "        
" +
        "          <td>false</td>
" +
        "        
" +
        "          <td>false</td>
" +
        "        
" +
        "          <td>false</td>
" +
        "        
" +
        "          <td>false</td>
" +
        "        
" +
        "      </tr>
" +
        "    
" +
        "      <tr>
" +
        "        
" +
        "          <td>21</td>
" +
        "        
" +
        "          <td>false</td>
" +
        "        
" +
        "          <td>false</td>
" +
        "        
" +
        "          <td>false</td>
" +
        "        
" +
        "          <td>false</td>
" +
        "        
" +
        "          <td>false</td>
" +
        "        
" +
        "          <td>false</td>
" +
        "        
" +
        "          <td>false</td>
" +
        "        
" +
        "          <td>false</td>
" +
        "        
" +
        "      </tr>
" +
        "    
" +
        "      <tr>
" +
        "        
" +
        "          <td>22</td>
" +
        "        
" +
        "          <td>false</td>
" +
        "        
" +
        "          <td>false</td>
" +
        "        
" +
        "          <td>false</td>
" +
        "        
" +
        "          <td>false</td>
" +
        "        
" +
        "          <td>false</td>
" +
        "        
" +
        "          <td>false</td>
" +
        "        
" +
        "          <td>false</td>
" +
        "        
" +
        "          <td>false</td>
" +
        "        
" +
        "      </tr>
" +
        "    
" +
        "      <tr>
" +
        "        
" +
        "          <td>23</td>
" +
        "        
" +
        "          <td>false</td>
" +
        "        
" +
        "          <td>false</td>
" +
        "        
" +
        "          <td>false</td>
" +
        "        
" +
        "          <td>false</td>
" +
        "        
" +
        "          <td>false</td>
" +
        "        
" +
        "          <td>false</td>
" +
        "        
" +
        "          <td>false</td>
" +
        "        
" +
        "          <td>false</td>
" +
        "        
" +
        "      </tr>
" +
        "    
" +
        "      <tr>
" +
        "        
" +
        "          <td>Total</td>
" +
        "        
" +
        "          <td>2</td>
" +
        "        
" +
        "          <td>2</td>
" +
        "        
" +
        "          <td>1</td>
" +
        "        
" +
        "          <td>1</td>
" +
        "        
" +
        "          <td>1</td>
" +
        "        
" +
        "          <td>1</td>
" +
        "        
" +
        "          <td>0</td>
" +
        "        
" +
        "          <td>1</td>
" +
        "        
" +
        "      </tr>
" +
        "    
" +
        "  </table>
" +
        "</body>
",
      content: "<body>
" +
        "
" +
        "  <table>
" +
        "    <tr>
" +
        "      {% for key, column in attendance_numbers[0] %}
" +
        "        <th>{{ key }}</th>
" +
        "      {% endfor %}
" +
        "    </tr>
" +
        "
" +
        "    {% for row in attendance_numbers %}
" +
        "      <tr>
" +
        "        {% for key, column in row %}
" +
        "          <td>{{ column }}</td>
" +
        "        {% endfor %}
" +
        "      </tr>
" +
        "    {% endfor %}
" +
        "  </table>
" +
        "</body>
",
      date: [],
      mergedKeys: [
        "tags",
      ],
      page: [
        "src",
        "data",
      ],
      paginate: "paginate",
      search: [],
      tags: "Array(0)",
      url: "/",
    },
    src: {
      asset: undefined,
      ext: ".njk",
      path: "/index",
      remote: undefined,
      slug: "index",
    },
  },
]
`;
