export const snapshot = {};

snapshot[`Sitemap plugin 1`] = `
{
  formats: [
    {
      engines: 1,
      ext: ".tmpl.ts",
      pageLoader: [AsyncFunction: module],
    },
    {
      engines: 1,
      ext: ".tmpl.js",
      pageLoader: [AsyncFunction: module],
    },
    {
      engines: undefined,
      ext: ".tmpl.jsonc",
      pageLoader: [AsyncFunction: json],
    },
    {
      engines: undefined,
      ext: ".tmpl.json",
      pageLoader: [AsyncFunction: json],
    },
    {
      dataLoader: [AsyncFunction: json],
      engines: undefined,
      ext: ".json",
    },
    {
      dataLoader: [AsyncFunction: json],
      engines: undefined,
      ext: ".jsonc",
    },
    {
      engines: 1,
      ext: ".md",
      pageLoader: [AsyncFunction: text],
    },
    {
      engines: 1,
      ext: ".markdown",
      pageLoader: [AsyncFunction: text],
    },
    {
      componentLoader: [AsyncFunction: module],
      dataLoader: [AsyncFunction: module],
      engines: 1,
      ext: ".js",
    },
    {
      componentLoader: [AsyncFunction: module],
      dataLoader: [AsyncFunction: module],
      engines: 1,
      ext: ".ts",
    },
    {
      componentLoader: [AsyncFunction: text],
      engines: 1,
      ext: ".njk",
      includesPath: "_includes",
      pageLoader: [AsyncFunction: text],
    },
    {
      dataLoader: [AsyncFunction: toml],
      engines: undefined,
      ext: ".toml",
      pageLoader: [AsyncFunction: toml],
    },
    {
      dataLoader: [AsyncFunction: yaml],
      engines: undefined,
      ext: ".yaml",
      pageLoader: [AsyncFunction: yaml],
    },
    {
      dataLoader: [AsyncFunction: yaml],
      engines: undefined,
      ext: ".yml",
      pageLoader: [AsyncFunction: yaml],
    },
  ],
  src: [
    "/",
    "/_data.yml",
    "/favicon.png",
    "/page5.yaml",
    "/pages",
    "/pages/2020-06-21_page2.tmpl.json",
    "/pages/2021-01-02-18-32_page4.tmpl.ts",
    "/pages/2021-12-29-page6.md",
    "/pages/_data",
    "/pages/_data.yml",
    "/pages/_data/colors.yml",
    "/pages/_data/documents.ts",
    "/pages/_data/drinks.js",
    "/pages/_data/names.json",
    "/pages/page1.md",
    "/pages/page3.tmpl.js",
    "/pages/subpage",
    "/pages/subpage/_data.yml",
    "/pages/subpage/page7.tmpl.js",
    "/static.yml",
    "/styles.css",
  ],
}
`;

snapshot[`Sitemap plugin 2`] = `[]`;

snapshot[`Sitemap plugin 3`] = `
[
  {
    content: "User-agent: *
Allow: /

Sitemap: https://example.com/sitemap.xml",
    data: {
      content: "User-agent: *
Allow: /

Sitemap: https://example.com/sitemap.xml",
      page: [
        "src",
        "data",
      ],
      url: "/robots.txt",
    },
    src: {
      asset: true,
      ext: undefined,
      path: "",
      remote: undefined,
      slug: "robots",
    },
  },
  {
    content: '<?xml version="1.0" encoding="UTF-8"?>
<urlset xmlns="http://www.sitemaps.org/schemas/sitemap/0.9">
  <url>
    <loc>https://example.com/overrided-page2/</loc>
    <lastmod>2020-06-21T00:00:00.000Z</lastmod>
  </url>
  <url>
    <loc>https://example.com/pages/page4/</loc>
    <lastmod>2021-01-02T18:32:00.000Z</lastmod>
  </url>
  <url>
    <loc>https://example.com/pages/page6/</loc>
    <lastmod>2022-01-01T00:00:00.000Z</lastmod>
  </url>
  <url>
    <loc>https://example.com/pages/subpage/page7/</loc>
    <lastmod>2022-01-02T00:00:00.000Z</lastmod>
  </url>
</urlset>',
    data: {
      content: '<?xml version="1.0" encoding="UTF-8"?>
<urlset xmlns="http://www.sitemaps.org/schemas/sitemap/0.9">
  <url>
    <loc>https://example.com/overrided-page2/</loc>
    <lastmod>2020-06-21T00:00:00.000Z</lastmod>
  </url>
  <url>
    <loc>https://example.com/pages/page4/</loc>
    <lastmod>2021-01-02T18:32:00.000Z</lastmod>
  </url>
  <url>
    <loc>https://example.com/pages/page6/</loc>
    <lastmod>2022-01-01T00:00:00.000Z</lastmod>
  </url>
  <url>
    <loc>https://example.com/pages/subpage/page7/</loc>
    <lastmod>2022-01-02T00:00:00.000Z</lastmod>
  </url>
</urlset>',
      page: [
        "src",
        "data",
      ],
      url: "/sitemap.xml",
    },
    src: {
      asset: true,
      ext: undefined,
      path: "",
      remote: undefined,
      slug: "sitemap",
    },
  },
  {
    content: "<!DOCTYPE html>
Content of Page 5",
    data: {
      children: "Content of Page 5",
      content: "Content of Page 5",
      date: [],
      imagick: "Array(1)",
      mergedKeys: [
        "tags",
        "metas",
        "imagick",
      ],
      metas: [
        "title",
        "description",
      ],
      page: [
        "src",
        "data",
      ],
      paginate: "paginate",
      search: [],
      site: "Default site name",
      tags: "Array(0)",
      title: "Page 5",
      url: "/page5/",
    },
    src: {
      asset: undefined,
      ext: ".yaml",
      path: "/page5",
      remote: undefined,
      slug: "page5",
    },
  },
  {
    content: "<!DOCTYPE html>
Content of Page 2",
    data: {
      children: "Content of Page 2",
      colors: "Array(3)",
      content: "Content of Page 2",
      date: [],
      documents: "Array(3)",
      drinks: [
        "alcoholic",
        "others",
      ],
      imagick: "Array(1)",
      mergedKeys: [
        "tags",
        "metas",
        "imagick",
      ],
      metas: [
        "title",
        "description",
      ],
      names: "Array(2)",
      page: [
        "src",
        "data",
      ],
      paginate: "paginate",
      search: [],
      site: "Folder overrided site name",
      tags: "Array(1)",
      title: "Page 2",
      url: "/overrided-page2/",
    },
    src: {
      asset: undefined,
      ext: ".tmpl.json",
      path: "/pages/2020-06-21_page2",
      remote: undefined,
      slug: "page2",
    },
  },
  {
    content: "<!DOCTYPE html>
Content of Page 4 in Overrided site name, from the file /pages/2021-01-02-18-32_page4.tmpl.ts",
    data: {
      children: "Content of Page 4 in Overrided site name, from the file /pages/2021-01-02-18-32_page4.tmpl.ts",
      colors: "Array(3)",
      content: "default",
      date: [],
      documents: "Array(3)",
      drinks: [
        "alcoholic",
        "others",
      ],
      imagick: "Array(1)",
      mergedKeys: [
        "tags",
        "metas",
        "imagick",
      ],
      metas: [
        "title",
        "description",
      ],
      names: "Array(2)",
      page: [
        "src",
        "data",
      ],
      paginate: "paginate",
      search: [],
      site: "Overrided site name",
      tags: "Array(1)",
      title: "Page 4",
      url: "/pages/page4/",
    },
    src: {
      asset: undefined,
      ext: ".tmpl.ts",
      path: "/pages/2021-01-02-18-32_page4",
      remote: undefined,
      slug: "page4",
    },
  },
  {
    content: "<!DOCTYPE html>
<p>Content of Page 6</p>
",
    data: {
      children: "<p>Content of Page 6</p>
",
      colors: "Array(3)",
      content: "Content of Page 6
",
      date: [],
      documents: "Array(3)",
      drinks: [
        "alcoholic",
        "others",
      ],
      imagick: "Array(1)",
      mergedKeys: [
        "tags",
        "metas",
        "imagick",
      ],
      metas: [
        "title",
        "description",
      ],
      names: "Array(2)",
      page: [
        "src",
        "data",
      ],
      paginate: "paginate",
      search: [],
      site: "Folder overrided site name",
      tags: "Array(2)",
      title: "Page 6",
      url: "/pages/page6/",
    },
    src: {
      asset: undefined,
      ext: ".md",
      path: "/pages/2021-12-29-page6",
      remote: undefined,
      slug: "page6",
    },
  },
  {
    content: "Content of Page 3",
    data: {
      colors: "Array(3)",
      content: "Content of Page 3",
      date: [],
      documents: "Array(3)",
      drinks: [
        "alcoholic",
        "others",
      ],
      imagick: "Array(1)",
      mergedKeys: [
        "tags",
        "metas",
        "imagick",
      ],
      metas: [
        "title",
        "description",
      ],
      names: "Array(2)",
      page: [
        "src",
        "data",
      ],
      paginate: "paginate",
      search: [],
      site: "Folder overrided site name",
      tags: "Array(1)",
      title: "Page 3",
      url: "/page_3",
    },
    src: {
      asset: undefined,
      ext: ".tmpl.js",
      path: "/pages/page3",
      remote: undefined,
      slug: "page3",
    },
  },
  {
    content: "<!DOCTYPE html>
Content of Page 7",
    data: {
      children: "Content of Page 7",
      colors: "Array(3)",
      content: "Content of Page 7",
      date: [],
      documents: "Array(3)",
      drinks: [
        "alcoholic",
        "others",
      ],
      imagick: "Array(1)",
      mergedKeys: [
        "tags",
        "metas",
        "imagick",
      ],
      metas: [
        "title",
        "description",
      ],
      names: "Array(2)",
      page: [
        "src",
        "data",
      ],
      paginate: "paginate",
      search: [],
      site: "Folder overrided site name",
      tags: "Array(3)",
      url: "/pages/subpage/page7/",
    },
    src: {
      asset: undefined,
      ext: ".tmpl.js",
      path: "/pages/subpage/page7",
      remote: undefined,
      slug: "page7",
    },
  },
]
`;
