export const snapshot = {};

snapshot[`terser plugin 1`] = `
{
  formats: [
    {
      engines: 1,
      ext: ".tmpl.ts",
      pageLoader: [AsyncFunction: module],
    },
    {
      engines: 1,
      ext: ".tmpl.js",
      pageLoader: [AsyncFunction: module],
    },
    {
      engines: undefined,
      ext: ".tmpl.jsonc",
      pageLoader: [AsyncFunction: json],
    },
    {
      engines: undefined,
      ext: ".tmpl.json",
      pageLoader: [AsyncFunction: json],
    },
    {
      dataLoader: [AsyncFunction: json],
      engines: undefined,
      ext: ".json",
    },
    {
      dataLoader: [AsyncFunction: json],
      engines: undefined,
      ext: ".jsonc",
    },
    {
      engines: 1,
      ext: ".md",
      pageLoader: [AsyncFunction: text],
    },
    {
      engines: 1,
      ext: ".markdown",
      pageLoader: [AsyncFunction: text],
    },
    {
      asset: true,
      componentLoader: [AsyncFunction: module],
      dataLoader: [AsyncFunction: module],
      engines: 1,
      ext: ".js",
      pageLoader: [AsyncFunction: text],
    },
    {
      componentLoader: [AsyncFunction: module],
      dataLoader: [AsyncFunction: module],
      engines: 1,
      ext: ".ts",
    },
    {
      componentLoader: [AsyncFunction: text],
      engines: 1,
      ext: ".njk",
      includesPath: "_includes",
      pageLoader: [AsyncFunction: text],
    },
    {
      dataLoader: [AsyncFunction: toml],
      engines: undefined,
      ext: ".toml",
      pageLoader: [AsyncFunction: toml],
    },
    {
      dataLoader: [AsyncFunction: yaml],
      engines: undefined,
      ext: ".yaml",
      pageLoader: [AsyncFunction: yaml],
    },
    {
      dataLoader: [AsyncFunction: yaml],
      engines: undefined,
      ext: ".yml",
      pageLoader: [AsyncFunction: yaml],
    },
  ],
}
`;

snapshot[`terser plugin 2`] = `[]`;

snapshot[`terser plugin 3`] = `
[
  {
    content: 'import{one as o,two as m}from"./numbers.js";console.log(o()+m());',
    data: {
      content: 'import { one, two } from "./numbers.js";

console.log(one() + two());
',
      date: [],
      mergedKeys: [
        "tags",
      ],
      page: [
        "src",
        "data",
      ],
      paginate: "paginate",
      search: [],
      tags: "Array(0)",
      url: "/main.js",
    },
    src: {
      asset: true,
      ext: ".js",
      path: "/main",
      remote: undefined,
      slug: "main",
    },
  },
  {
    content: "export function one(){return 1}export function two(){return 2}",
    data: {
      children: "export function one () {
" +
        "  return 1;
" +
        "}
" +
        "
" +
        "export function two () {
" +
        "  return 2;
" +
        "}
" +
        "/*
" +
        "Commented code
" +
        "export function two () {
" +
        "  return 2;
" +
        "}
" +
        "*/",
      content: "export function one () {
" +
        "  return {{ one }};
" +
        "}
" +
        "
" +
        "export function two () {
" +
        "  return {{ two }};
" +
        "}
" +
        "/*
" +
        "Commented code
" +
        "export function two () {
" +
        "  return {{ two }};
" +
        "}
" +
        "*/",
      date: [],
      mergedKeys: [
        "tags",
      ],
      one: 1,
      page: [
        "src",
        "data",
      ],
      paginate: "paginate",
      search: [],
      tags: "Array(0)",
      two: 2,
      url: "/numbers.js",
    },
    src: {
      asset: undefined,
      ext: ".njk",
      path: "/numbers.js",
      remote: undefined,
      slug: "numbers",
    },
  },
]
`;
